
> paper-art-viet@0.1.0 build
> next build

Γû▓ Next.js 16.2.1 (Turbopack)
- Environments: .env.local

node.exe : ΓÜá The "middleware" file convention is deprecated. Please 
use "proxy" instead. Learn more: 
https://nextjs.org/docs/messages/middleware-to-proxy
At C:\Users\MinhNhat\AppData\Roaming\npm\npm.ps1:24 char:5
+     & "node$exe"  "$basedir/node_modules/npm/bin/npm-cli.js" $args
+     ~~~~~~~~~~~~~~~~~~~~~~~~~~~~~~~~~~~~~~~~~~~~~~~~~~~~~~~~~~~~~~
    + CategoryInfo          : NotSpecified: (ΓÜá The "middle...leware-to 
   -proxy:String) [], RemoteException
    + FullyQualifiedErrorId : NativeCommandError
 
  Creating an optimized production build ...
Γ£ô Compiled successfully in 5.3s
  Running TypeScript ...
Failed to type check.

./src/app/guide/page.tsx:237:12
Type error: Cannot find name 'Loader2'.

  [90m235 |[0m     <[33mSuspense[0m fallback={
  [90m236 |[0m        <div className=[32m"min-h-screen bg-white flex 
flex-col items-center justify-center ga...[0m
[31m[1m>[0m [90m237 |[0m           <[33mLoader2[0m 
className=[32m"w-10 h-10 text-primary animate-spin"[0m />
  [90m    |[0m            [31m[1m^[0m
  [90m238 |[0m           <p className=[32m"text-[10px] font-bold 
text-muted-foreground uppercase tracking-wi...[0m
  [90m239 |[0m        </div>
  [90m240 |[0m     }>
Next.js build worker exited with code: 1 and signal: null
